
test_upx.exe : [9192:0530/043321.902:ERROR:gpu_process_host.cc(968)] GPU process launch failed: error_code=68
At line:1 char:1
+ & 'C:\Users\Mr .bob\AppData\Local\Temp\AnimePaint_Maria_Core_Final\ap ...
+ ~~~~~~~~~~~~~~~~~~~~~~~~~~~~~~~~~~~~~~~~~~~~~~~~~~~~~~~~~~~~~~~~~~~~~
    + CategoryInfo          : NotSpecified: ([9192:0530/0433...: error_code=68:String) [], RemoteException
    + FullyQualifiedErrorId : NativeCommandError
 
[9192:0530/043321.974:ERROR:gpu_process_host.cc(968)] GPU process launch failed: error_code=68
[9192:0530/043322.029:ERROR:gpu_process_host.cc(968)] GPU process launch failed: error_code=68
[9192:0530/043322.082:ERROR:gpu_process_host.cc(968)] GPU process launch failed: error_code=68
[9192:0530/043322.136:ERROR:gpu_process_host.cc(968)] GPU process launch failed: error_code=68
[9192:0530/043322.194:ERROR:gpu_process_host.cc(968)] GPU process launch failed: error_code=68
[9192:0530/043322.245:ERROR:gpu_process_host.cc(968)] GPU process launch failed: error_code=68
[9192:0530/043322.298:ERROR:gpu_process_host.cc(968)] GPU process launch failed: error_code=68
[9192:0530/043322.368:ERROR:gpu_process_host.cc(968)] GPU process launch failed: error_code=68
[9192:0530/043322.440:ERROR:gpu_process_host.cc(968)] GPU process launch failed: error_code=68
[9192:0530/043322.497:ERROR:gpu_process_host.cc(968)] GPU process launch failed: error_code=68
[9192:0530/043322.554:ERROR:gpu_process_host.cc(968)] GPU process launch failed: error_code=68
[9192:0530/043322.627:ERROR:gpu_process_host.cc(968)] GPU process launch failed: error_code=68
[9192:0530/043322.683:ERROR:gpu_process_host.cc(968)] GPU process launch failed: error_code=68
[9192:0530/043322.751:ERROR:gpu_process_host.cc(968)] GPU process launch failed: error_code=68
[9192:0530/043322.820:ERROR:gpu_process_host.cc(968)] GPU process launch failed: error_code=68
[9192:0530/043322.892:ERROR:gpu_process_host.cc(968)] GPU process launch failed: error_code=68
[9192:0530/043322.944:ERROR:gpu_process_host.cc(968)] GPU process launch failed: error_code=68
[9192:0530/043322.999:ERROR:gpu_process_host.cc(968)] GPU process launch failed: error_code=68
[9192:0530/043323.054:ERROR:gpu_process_host.cc(968)] GPU process launch failed: error_code=68
[9192:0530/043323.127:ERROR:gpu_process_host.cc(968)] GPU process launch failed: error_code=68
[9192:0530/043323.181:ERROR:gpu_process_host.cc(968)] GPU process launch failed: error_code=68
[9192:0530/043323.235:ERROR:gpu_process_host.cc(968)] GPU process launch failed: error_code=68
[9192:0530/043323.287:ERROR:gpu_process_host.cc(968)] GPU process launch failed: error_code=68
[9192:0530/043323.354:ERROR:gpu_process_host.cc(968)] GPU process launch failed: error_code=68
[9192:0530/043323.426:ERROR:gpu_process_host.cc(968)] GPU process launch failed: error_code=68
[9192:0530/043323.478:ERROR:gpu_process_host.cc(968)] GPU process launch failed: error_code=68
[9192:0530/043323.548:ERROR:gpu_process_host.cc(968)] GPU process launch failed: error_code=68
[9192:0530/043323.603:ERROR:gpu_process_host.cc(968)] GPU process launch failed: error_code=68
[9192:0530/043323.658:ERROR:gpu_process_host.cc(968)] GPU process launch failed: error_code=68
[9192:0530/043323.713:ERROR:gpu_process_host.cc(968)] GPU process launch failed: error_code=68
[9192:0530/043323.767:ERROR:gpu_process_host.cc(968)] GPU process launch failed: error_code=68
[9192:0530/043323.823:ERROR:gpu_process_host.cc(968)] GPU process launch failed: error_code=68
[9192:0530/043323.895:ERROR:gpu_process_host.cc(968)] GPU process launch failed: error_code=68
[9192:0530/043323.949:ERROR:gpu_process_host.cc(968)] GPU process launch failed: error_code=68
[9192:0530/043324.002:ERROR:gpu_process_host.cc(968)] GPU process launch failed: error_code=68
[9192:0530/043324.056:ERROR:gpu_process_host.cc(968)] GPU process launch failed: error_code=68
[9192:0530/043324.111:ERROR:gpu_process_host.cc(968)] GPU process launch failed: error_code=68
[9192:0530/043324.164:ERROR:gpu_process_host.cc(968)] GPU process launch failed: error_code=68
[9192:0530/043324.232:ERROR:gpu_process_host.cc(968)] GPU process launch failed: error_code=68
[9192:0530/043324.288:ERROR:gpu_process_host.cc(968)] GPU process launch failed: error_code=68
[9192:0530/043324.341:ERROR:gpu_process_host.cc(968)] GPU process launch failed: error_code=68
[9192:0530/043324.395:ERROR:gpu_process_host.cc(968)] GPU process launch failed: error_code=68
[9192:0530/043324.466:ERROR:gpu_process_host.cc(968)] GPU process launch failed: error_code=68
[9192:0530/043324.519:ERROR:gpu_process_host.cc(968)] GPU process launch failed: error_code=68
[9192:0530/043324.573:ERROR:gpu_process_host.cc(968)] GPU process launch failed: error_code=68
[9192:0530/043324.626:ERROR:gpu_process_host.cc(968)] GPU process launch failed: error_code=68
[9192:0530/043324.681:ERROR:gpu_process_host.cc(968)] GPU process launch failed: error_code=68
[9192:0530/043324.735:ERROR:gpu_process_host.cc(968)] GPU process launch failed: error_code=68
[9192:0530/043324.790:ERROR:gpu_process_host.cc(968)] GPU process launch failed: error_code=68
[9192:0530/043324.842:ERROR:gpu_process_host.cc(968)] GPU process launch failed: error_code=68
[9192:0530/043324.896:ERROR:gpu_process_host.cc(968)] GPU process launch failed: error_code=68
[9192:0530/043324.949:ERROR:gpu_process_host.cc(968)] GPU process launch failed: error_code=68
[9192:0530/043325.004:ERROR:gpu_process_host.cc(968)] GPU process launch failed: error_code=68
[9192:0530/043325.059:ERROR:gpu_process_host.cc(968)] GPU process launch failed: error_code=68
[9192:0530/043325.114:ERROR:gpu_process_host.cc(968)] GPU process launch failed: error_code=68
[9192:0530/043325.169:ERROR:gpu_process_host.cc(968)] GPU process launch failed: error_code=68
[9192:0530/043325.224:ERROR:gpu_process_host.cc(968)] GPU process launch failed: error_code=68
[9192:0530/043325.279:ERROR:gpu_process_host.cc(968)] GPU process launch failed: error_code=68
[9192:0530/043325.335:ERROR:gpu_process_host.cc(968)] GPU process launch failed: error_code=68
[9192:0530/043325.389:ERROR:gpu_process_host.cc(968)] GPU process launch failed: error_code=68
[9192:0530/043325.444:ERROR:gpu_process_host.cc(968)] GPU process launch failed: error_code=68
[9192:0530/043325.496:ERROR:gpu_process_host.cc(968)] GPU process launch failed: error_code=68
[9192:0530/043325.553:ERROR:gpu_process_host.cc(968)] GPU process launch failed: error_code=68
[9192:0530/043325.608:ERROR:gpu_process_host.cc(968)] GPU process launch failed: error_code=68
[9192:0530/043325.676:ERROR:gpu_process_host.cc(968)] GPU process launch failed: error_code=68
[9192:0530/043325.730:ERROR:gpu_process_host.cc(968)] GPU process launch failed: error_code=68
[9192:0530/043325.789:ERROR:gpu_process_host.cc(968)] GPU process launch failed: error_code=68
[9192:0530/043325.856:ERROR:gpu_process_host.cc(968)] GPU process launch failed: error_code=68
[9192:0530/043325.910:ERROR:gpu_process_host.cc(968)] GPU process launch failed: error_code=68
[9192:0530/043325.983:ERROR:gpu_process_host.cc(968)] GPU process launch failed: error_code=68
[9192:0530/043326.037:ERROR:gpu_process_host.cc(968)] GPU process launch failed: error_code=68
[9192:0530/043326.092:ERROR:gpu_process_host.cc(968)] GPU process launch failed: error_code=68
[9192:0530/043326.148:ERROR:gpu_process_host.cc(968)] GPU process launch failed: error_code=68
[9192:0530/043326.202:ERROR:gpu_process_host.cc(968)] GPU process launch failed: error_code=68
[9192:0530/043326.254:ERROR:gpu_process_host.cc(968)] GPU process launch failed: error_code=68
[9192:0530/043326.320:ERROR:gpu_process_host.cc(968)] GPU process launch failed: error_code=68
[9192:0530/043326.375:ERROR:gpu_process_host.cc(968)] GPU process launch failed: error_code=68
[9192:0530/043326.428:ERROR:gpu_process_host.cc(968)] GPU process launch failed: error_code=68
[9192:0530/043326.483:ERROR:gpu_process_host.cc(968)] GPU process launch failed: error_code=68
[9192:0530/043326.537:ERROR:gpu_process_host.cc(968)] GPU process launch failed: error_code=68
[9192:0530/043326.588:ERROR:gpu_process_host.cc(968)] GPU process launch failed: error_code=68
[9192:0530/043326.648:ERROR:gpu_process_host.cc(968)] GPU process launch failed: error_code=68
[9192:0530/043326.702:ERROR:gpu_process_host.cc(968)] GPU process launch failed: error_code=68
[9192:0530/043326.754:ERROR:gpu_process_host.cc(968)] GPU process launch failed: error_code=68
[9192:0530/043326.809:ERROR:gpu_process_host.cc(968)] GPU process launch failed: error_code=68
[9192:0530/043326.864:ERROR:gpu_process_host.cc(968)] GPU process launch failed: error_code=68
[9192:0530/043326.917:ERROR:gpu_process_host.cc(968)] GPU process launch failed: error_code=68
[9192:0530/043326.971:ERROR:gpu_process_host.cc(968)] GPU process launch failed: error_code=68
[9192:0530/043327.026:ERROR:gpu_process_host.cc(968)] GPU process launch failed: error_code=68
[9192:0530/043327.080:ERROR:gpu_process_host.cc(968)] GPU process launch failed: error_code=68
[9192:0530/043327.133:ERROR:gpu_process_host.cc(968)] GPU process launch failed: error_code=68
[9192:0530/043327.188:ERROR:gpu_process_host.cc(968)] GPU process launch failed: error_code=68
[9192:0530/043327.243:ERROR:gpu_process_host.cc(968)] GPU process launch failed: error_code=68
[9192:0530/043327.298:ERROR:gpu_process_host.cc(968)] GPU process launch failed: error_code=68
[9192:0530/043327.350:ERROR:gpu_process_host.cc(968)] GPU process launch failed: error_code=68
[9192:0530/043327.404:ERROR:gpu_process_host.cc(968)] GPU process launch failed: error_code=68
[9192:0530/043327.477:ERROR:gpu_process_host.cc(968)] GPU process launch failed: error_code=68
[9192:0530/043327.529:ERROR:gpu_process_host.cc(968)] GPU process launch failed: error_code=68
[9192:0530/043327.583:ERROR:gpu_process_host.cc(968)] GPU process launch failed: error_code=68
[9192:0530/043327.637:ERROR:gpu_process_host.cc(968)] GPU process launch failed: error_code=68
[9192:0530/043327.692:ERROR:gpu_process_host.cc(968)] GPU process launch failed: error_code=68
[9192:0530/043327.747:ERROR:gpu_process_host.cc(968)] GPU process launch failed: error_code=68
[9192:0530/043327.802:ERROR:gpu_process_host.cc(968)] GPU process launch failed: error_code=68
[9192:0530/043327.856:ERROR:gpu_process_host.cc(968)] GPU process launch failed: error_code=68
[9192:0530/043327.913:ERROR:gpu_process_host.cc(968)] GPU process launch failed: error_code=68
[9192:0530/043327.970:ERROR:gpu_process_host.cc(968)] GPU process launch failed: error_code=68
[9192:0530/043328.022:ERROR:gpu_process_host.cc(968)] GPU process launch failed: error_code=68
[9192:0530/043328.091:ERROR:gpu_process_host.cc(968)] GPU process launch failed: error_code=68
[9192:0530/043328.162:ERROR:gpu_process_host.cc(968)] GPU process launch failed: error_code=68
[9192:0530/043328.217:ERROR:gpu_process_host.cc(968)] GPU process launch failed: error_code=68
[9192:0530/043328.276:ERROR:gpu_process_host.cc(968)] GPU process launch failed: error_code=68
[9192:0530/043328.330:ERROR:gpu_process_host.cc(968)] GPU process launch failed: error_code=68
[9192:0530/043328.381:ERROR:gpu_process_host.cc(968)] GPU process launch failed: error_code=68
[9192:0530/043328.436:ERROR:gpu_process_host.cc(968)] GPU process launch failed: error_code=68
[9192:0530/043328.491:ERROR:gpu_process_host.cc(968)] GPU process launch failed: error_code=68
[9192:0530/043328.545:ERROR:gpu_process_host.cc(968)] GPU process launch failed: error_code=68
[9192:0530/043328.597:ERROR:gpu_process_host.cc(968)] GPU process launch failed: error_code=68
[9192:0530/043328.649:ERROR:gpu_process_host.cc(968)] GPU process launch failed: error_code=68
[9192:0530/043328.701:ERROR:gpu_process_host.cc(968)] GPU process launch failed: error_code=68
[9192:0530/043328.756:ERROR:gpu_process_host.cc(968)] GPU process launch failed: error_code=68
[9192:0530/043328.812:ERROR:gpu_process_host.cc(968)] GPU process launch failed: error_code=68
[9192:0530/043328.864:ERROR:gpu_process_host.cc(968)] GPU process launch failed: error_code=68
[9192:0530/043328.917:ERROR:gpu_process_host.cc(968)] GPU process launch failed: error_code=68
[9192:0530/043328.972:ERROR:gpu_process_host.cc(968)] GPU process launch failed: error_code=68
[9192:0530/043329.026:ERROR:gpu_process_host.cc(968)] GPU process launch failed: error_code=68
[9192:0530/043329.079:ERROR:gpu_process_host.cc(968)] GPU process launch failed: error_code=68
[9192:0530/043329.149:ERROR:gpu_process_host.cc(968)] GPU process launch failed: error_code=68
[9192:0530/043329.199:ERROR:gpu_process_host.cc(968)] GPU process launch failed: error_code=68
[9192:0530/043329.254:ERROR:gpu_process_host.cc(968)] GPU process launch failed: error_code=68
[9192:0530/043329.307:ERROR:gpu_process_host.cc(968)] GPU process launch failed: error_code=68
[9192:0530/043329.362:ERROR:gpu_process_host.cc(968)] GPU process launch failed: error_code=68
[9192:0530/043329.414:ERROR:gpu_process_host.cc(968)] GPU process launch failed: error_code=68
[9192:0530/043329.465:ERROR:gpu_process_host.cc(968)] GPU process launch failed: error_code=68
[9192:0530/043329.519:ERROR:gpu_process_host.cc(968)] GPU process launch failed: error_code=68
